[themes.2the.me/Core/1.3.3/index.html]
[backblue.gif]
[fade.gif]
[index.html]
[themes.2the.me/Core/1.3.3/assets/images/favicon.png]
[themes.2the.me/Core/1.3.3/assets/images/apple-touch-icon.png]
[themes.2the.me/Core/1.3.3/assets/images/apple-touch-icon-72x72.png]
[themes.2the.me/Core/1.3.3/assets/images/apple-touch-icon-114x114.png]
[themes.2the.me/Core/1.3.3/assets/bootstrap/css/bootstrap.min.css]
[themes.2the.me/Core/1.3.3/assets/css/plugins.min.css]
[themes.2the.me/Core/1.3.3/assets/css/template.min.css]
[themes.2the.me/Core/1.3.3/assets/images/logo.png]
[themes.2the.me/Core/1.3.3/assets/images/logo-light.png]
[themes.2the.me/Core/1.3.3/index-2.html]
[themes.2the.me/Core/1.3.3/index-3.html]
[themes.2the.me/Core/1.3.3/index-4.html]
[themes.2the.me/Core/1.3.3/index-5.html]
[themes.2the.me/Core/1.3.3/index-23.html]
[themes.2the.me/Core/1.3.3/index-24.html]
[themes.2the.me/Core/1.3.3/index-27.html]
[themes.2the.me/Core/1.3.3/index-28.html]
[themes.2the.me/Core/1.3.3/index-29.html]
[themes.2the.me/Core/1.3.3/index-31.html]
[themes.2the.me/Core/1.3.3/index-18.html]
[themes.2the.me/Core/1.3.3/index-26.html]
[themes.2the.me/Core/1.3.3/index-21.html]
[themes.2the.me/Core/1.3.3/index-22.html]
[themes.2the.me/Core/1.3.3/index-19.html]
[themes.2the.me/Core/1.3.3/index-20.html]
[themes.2the.me/Core/1.3.3/index-25.html]
[themes.2the.me/Core/1.3.3/index-34.html]
[themes.2the.me/Core/1.3.3/index-7.html]
[themes.2the.me/Core/1.3.3/index-8.html]
[themes.2the.me/Core/1.3.3/index-9.html]
[themes.2the.me/Core/1.3.3/index-10.html]
[themes.2the.me/Core/1.3.3/index-11.html]
[themes.2the.me/Core/1.3.3/index-12.html]
[themes.2the.me/Core/1.3.3/index-6.html]
[themes.2the.me/Core/1.3.3/index-32.html]
[themes.2the.me/Core/1.3.3/index-33.html]
[themes.2the.me/Core/1.3.3/index-13.html]
[themes.2the.me/Core/1.3.3/index-14.html]
[themes.2the.me/Core/1.3.3/index-15.html]
[themes.2the.me/Core/1.3.3/index-16.html]
[themes.2the.me/Core/1.3.3/index-17.html]
[themes.2the.me/Core/1.3.3/index-30.html]
[themes.2the.me/Core/1.3.3/about.html]
[themes.2the.me/Core/1.3.3/about-2.html]
[themes.2the.me/Core/1.3.3/services.html]
[themes.2the.me/Core/1.3.3/services-2.html]
[themes.2the.me/Core/1.3.3/services-3.html]
[themes.2the.me/Core/1.3.3/contact-1.html]
[themes.2the.me/Core/1.3.3/contact-2.html]
[themes.2the.me/Core/1.3.3/contact-3.html]
[themes.2the.me/Core/1.3.3/nav-left.html]
[themes.2the.me/Core/1.3.3/nav-right.html]
[themes.2the.me/Core/1.3.3/dark-sub-menu.html]
[themes.2the.me/Core/1.3.3/login.html]
[themes.2the.me/Core/1.3.3/sign-up.html]
[themes.2the.me/Core/1.3.3/password-recovery.html]
[themes.2the.me/Core/1.3.3/support.html]
[themes.2the.me/Core/1.3.3/support-single.html]
[themes.2the.me/Core/1.3.3/pricing-1.html]
[themes.2the.me/Core/1.3.3/timeline.html]
[themes.2the.me/Core/1.3.3/team-1.html]
[themes.2the.me/Core/1.3.3/clients.html]
[themes.2the.me/Core/1.3.3/faq.html]
[themes.2the.me/Core/1.3.3/portfolio-classic-2-col.html]
[themes.2the.me/Core/1.3.3/portfolio-classic-3-col.html]
[themes.2the.me/Core/1.3.3/portfolio-grid-3-col.html]
[themes.2the.me/Core/1.3.3/portfolio-grid-4-col.html]
[themes.2the.me/Core/1.3.3/portfolio-masonry-3-col.html]
[themes.2the.me/Core/1.3.3/portfolio-masonry-4-col.html]
[themes.2the.me/Core/1.3.3/portfolio-standard-3-col.html]
[themes.2the.me/Core/1.3.3/portfolio-standard-4-col.html]
[themes.2the.me/Core/1.3.3/portfolio-single-1.html]
[themes.2the.me/Core/1.3.3/portfolio-single-2.html]
[themes.2the.me/Core/1.3.3/portfolio-single-3.html]
[themes.2the.me/Core/1.3.3/portfolio-single-4.html]
[themes.2the.me/Core/1.3.3/portfolio-single-5.html]
[themes.2the.me/Core/1.3.3/blog.html]
[themes.2the.me/Core/1.3.3/blog-2.html]
[themes.2the.me/Core/1.3.3/blog-3.html]
[themes.2the.me/Core/1.3.3/blog-grid.html]
[themes.2the.me/Core/1.3.3/blog-grid-2.html]
[themes.2the.me/Core/1.3.3/blog-masonry.html]
[themes.2the.me/Core/1.3.3/blog-masonry-2.html]
[themes.2the.me/Core/1.3.3/blog-timeline.html]
[themes.2the.me/Core/1.3.3/blog-magazine.html]
[themes.2the.me/Core/1.3.3/blog-single.html]
[themes.2the.me/Core/1.3.3/blog-single-2.html]
[themes.2the.me/Core/1.3.3/shop-masonry.html]
[themes.2the.me/Core/1.3.3/shop-grid-2.html]
[themes.2the.me/Core/1.3.3/shop-grid-3.html]
[themes.2the.me/Core/1.3.3/shop-grid-4.html]
[themes.2the.me/Core/1.3.3/shop-product.html]
[themes.2the.me/Core/1.3.3/shop-checkout.html]
[themes.2the.me/Core/1.3.3/shortcodes-buttons.html]
[themes.2the.me/Core/1.3.3/shortcodes-tabs.html]
[themes.2the.me/Core/1.3.3/shortcodes-bars.html]
[themes.2the.me/Core/1.3.3/shortcodes-accordions.html]
[themes.2the.me/Core/1.3.3/shortcodes-alerts.html]
[themes.2the.me/Core/1.3.3/shortcodes-forms.html]
[themes.2the.me/Core/1.3.3/shortcodes-iconbox.html]
[themes.2the.me/Core/1.3.3/shortcodes-modals.html]
[themes.2the.me/Core/1.3.3/shortcodes-modules.html]
[themes.2the.me/Core/1.3.3/shortcodes-pricing.html]
[themes.2the.me/Core/1.3.3/shortcodes-piechart.html]
[themes.2the.me/Core/1.3.3/shortcodes-clients.html]
[themes.2the.me/Core/1.3.3/shortcodes-sliders.html]
[themes.2the.me/Core/1.3.3/shortcodes-widgets.html]
[themes.2the.me/Core/1.3.3/shortcodes-grid.html]
[themes.2the.me/Core/1.3.3/shortcodes-typography.html]
[themes.2the.me/Core/1.3.3/shortcodes-video.html]
[themes.2the.me/Core/1.3.3/shortcodes-video-backgrounds.html]
[themes.2the.me/Core/1.3.3/shortcodes-special-headings.html]
[themes.2the.me/Core/1.3.3/shortcodes-testimonials.html]
[themes.2the.me/Core/1.3.3/shortcodes-chart.html]
[themes.2the.me/Core/1.3.3/start.html]
[themes.2the.me/Core/1.3.3/assets/images/module-11.jpg]
[themes.2the.me/Core/1.3.3/assets/images/notebooks.png]
[themes.2the.me/Core/1.3.3/assets/images/portfolio/img-1.jpg]
[themes.2the.me/Core/1.3.3/assets/images/portfolio/img-7.jpg]
[themes.2the.me/Core/1.3.3/assets/images/portfolio/img-3.jpg]
[themes.2the.me/Core/1.3.3/assets/images/portfolio/img-4.jpg]
[themes.2the.me/Core/1.3.3/assets/images/portfolio/img-5.jpg]
[themes.2the.me/Core/1.3.3/assets/images/portfolio/img-6.jpg]
[themes.2the.me/Core/1.3.3/assets/images/team/1.jpg]
[themes.2the.me/Core/1.3.3/assets/images/team/2.jpg]
[themes.2the.me/Core/1.3.3/assets/images/team/3.jpg]
[themes.2the.me/Core/1.3.3/assets/images/module-4.jpg]
[themes.2the.me/Core/1.3.3/assets/images/clients/logo-1.png]
[themes.2the.me/Core/1.3.3/assets/images/clients/logo-2.png]
[themes.2the.me/Core/1.3.3/assets/images/clients/logo-3.png]
[themes.2the.me/Core/1.3.3/assets/images/clients/logo-7.png]
[themes.2the.me/Core/1.3.3/assets/images/clients/logo-6.png]
[themes.2the.me/Core/1.3.3/assets/images/clients/logo-5.png]
[themes.2the.me/Core/1.3.3/assets/images/iphone.png]
[themes.2the.me/Core/1.3.3/assets/images/blog/1.jpg]
[themes.2the.me/Core/1.3.3/assets/images/blog/2.jpg]
[themes.2the.me/Core/1.3.3/assets/images/blog/3.jpg]
[themes.2the.me/Core/1.3.3/assets/images/module-18.jpg]
[themes.2the.me/Core/1.3.3/assets/images/offcanvas.jpg]
[themes.2the.me/Core/1.3.3/assets/bootstrap/js/bootstrap.min.js]
[themes.2the.me/Core/1.3.3/assets/js/charts.js]
[themes.2the.me/Core/1.3.3/assets/js/custom.min.js]
[themes.2the.me/Core/1.3.3/index.html]
[themes.2the.me/Core/1.3.3/assets/bootstrap/css/bootstrap.min.css]
[themes.2the.me/Core/1.3.3/assets/fonts/fontawesome-webfont5b62.eot]
[themes.2the.me/Core/1.3.3/assets/js/style-switcher.min.js]
[themes.2the.me/Core/1.3.3/assets/fonts/fontawesome-webfontd41d.eot]
[themes.2the.me/Core/1.3.3/assets/js/plugins.min.js]
[themes.2the.me/Core/1.3.3/assets/fonts/fontawesome-webfont5b62.ttf]
[themes.2the.me/Core/1.3.3/assets/fonts/fontawesome-webfont5b62.svg]
[themes.2the.me/Core/1.3.3/assets/fonts/linea-arrows-10.eot]
[themes.2the.me/Core/1.3.3/assets/fonts/fontawesome-webfont5b62.woff2]
[themes.2the.me/Core/1.3.3/assets/fonts/linea-arrows-10.ttf]
[themes.2the.me/Core/1.3.3/assets/fonts/fontawesome-webfont5b62.woff]
[themes.2the.me/Core/1.3.3/assets/fonts/linea-arrows-10.woff]
[themes.2the.me/Core/1.3.3/assets/fonts/linea-arrows-10d41d.eot]
[themes.2the.me/Core/1.3.3/assets/fonts/linea-arrows-10.svg]
[themes.2the.me/Core/1.3.3/assets/fonts/linea-basic-10.eot]
[themes.2the.me/Core/1.3.3/assets/fonts/linea-basic-10d41d.eot]
[themes.2the.me/Core/1.3.3/assets/fonts/linea-basic-10.ttf]
[themes.2the.me/Core/1.3.3/assets/fonts/linea-basic-10.woff]
[themes.2the.me/Core/1.3.3/assets/css/plugins.min.css]
[themes.2the.me/Core/1.3.3/assets/images/grabbing.png]
[themes.2the.me/Core/1.3.3/assets/fonts/linea-basic-10.svg]
[themes.2the.me/Core/1.3.3/assets/images/close.png]
[themes.2the.me/Core/1.3.3/assets/css/template.min.css]
[themes.2the.me/Core/1.3.3/assets/images/module-9.jpg]
[themes.2the.me/Core/1.3.3/index-2.html]
[themes.2the.me/Core/1.3.3/index-3.html]
[themes.2the.me/Core/1.3.3/assets/images/module-5.jpg]
[themes.2the.me/Core/1.3.3/assets/images/module-12.jpg]
[themes.2the.me/Core/1.3.3/assets/images/module-3.jpg]
[themes.2the.me/Core/1.3.3/index-4.html]
[themes.2the.me/Core/1.3.3/assets/images/module-2.jpg]
[themes.2the.me/Core/1.3.3/index-5.html]
[themes.2the.me/Core/1.3.3/index-23.html]
[themes.2the.me/Core/1.3.3/index-24.html]
[themes.2the.me/Core/1.3.3/assets/images/module-22.jpg]
[themes.2the.me/Core/1.3.3/assets/images/module-26.jpg]
[themes.2the.me/Core/1.3.3/assets/images/module-25.jpg]
[themes.2the.me/Core/1.3.3/index-27.html]
[themes.2the.me/Core/1.3.3/assets/images/module-21.jpg]
[themes.2the.me/Core/1.3.3/index-28.html]
[themes.2the.me/Core/1.3.3/assets/images/module-28.jpg]
[themes.2the.me/Core/1.3.3/index-29.html]
[themes.2the.me/Core/1.3.3/assets/images/module-29.jpg]
[themes.2the.me/Core/1.3.3/index-31.html]
[themes.2the.me/Core/1.3.3/index-18.html]
[themes.2the.me/Core/1.3.3/assets/images/portfolio/img-2.jpg]
[themes.2the.me/Core/1.3.3/assets/images/module-15.jpg]
[themes.2the.me/Core/1.3.3/assets/images/module-16.jpg]
[themes.2the.me/Core/1.3.3/assets/images/clients/logo-4.png]
[themes.2the.me/Core/1.3.3/assets/images/clients/logo-8.png]
[themes.2the.me/Core/1.3.3/index-26.html]
[themes.2the.me/Core/1.3.3/assets/images/features/1.jpg]
[themes.2the.me/Core/1.3.3/assets/images/features/2.jpg]
[themes.2the.me/Core/1.3.3/assets/images/features/3.jpg]
[themes.2the.me/Core/1.3.3/assets/images/iphone-2.png]
[themes.2the.me/Core/1.3.3/assets/images/business.jpg]
[themes.2the.me/Core/1.3.3/index-21.html]
[themes.2the.me/Core/1.3.3/assets/images/module-6.jpg]
[themes.2the.me/Core/1.3.3/assets/images/avatar/1.jpg]
[themes.2the.me/Core/1.3.3/assets/images/avatar/2.jpg]
[themes.2the.me/Core/1.3.3/assets/images/avatar/3.jpg]
[themes.2the.me/Core/1.3.3/assets/images/avatar/4.jpg]
[themes.2the.me/Core/1.3.3/assets/images/module-14.jpg]
[themes.2the.me/Core/1.3.3/index-22.html]
[themes.2the.me/Core/1.3.3/assets/images/portfolio/img-23.jpg]
[themes.2the.me/Core/1.3.3/assets/images/portfolio/img-24.jpg]
[themes.2the.me/Core/1.3.3/assets/images/portfolio/img-25.jpg]
[themes.2the.me/Core/1.3.3/assets/images/portfolio/img-26.jpg]
[themes.2the.me/Core/1.3.3/assets/images/portfolio/img-27.jpg]
[themes.2the.me/Core/1.3.3/assets/images/portfolio/img-28.jpg]
[themes.2the.me/Core/1.3.3/index-19.html]
[themes.2the.me/Core/1.3.3/assets/images/module-13.jpg]
[themes.2the.me/Core/1.3.3/index-20.html]
[themes.2the.me/Core/1.3.3/assets/images/module-23.jpg]
[themes.2the.me/Core/1.3.3/assets/images/module-20.jpg]
[themes.2the.me/Core/1.3.3/assets/images/blog/11.jpg]
[themes.2the.me/Core/1.3.3/assets/images/blog/12.jpg]
[themes.2the.me/Core/1.3.3/index-25.html]
[themes.2the.me/Core/1.3.3/assets/images/module-31.jpg]
[themes.2the.me/Core/1.3.3/index-34.html]
[themes.2the.me/Core/1.3.3/index-7.html]
[themes.2the.me/Core/1.3.3/index-8.html]
[themes.2the.me/Core/1.3.3/index-9.html]
[themes.2the.me/Core/1.3.3/index-10.html]
[themes.2the.me/Core/1.3.3/index-11.html]
[themes.2the.me/Core/1.3.3/index-12.html]
[themes.2the.me/Core/1.3.3/index-6.html]
[themes.2the.me/Core/1.3.3/index-32.html]
[themes.2the.me/Core/1.3.3/index-33.html]
[themes.2the.me/Core/1.3.3/index-13.html]
[themes.2the.me/Core/1.3.3/assets/images/module-8.jpg]
[themes.2the.me/Core/1.3.3/index-14.html]
[themes.2the.me/Core/1.3.3/index-15.html]
[themes.2the.me/Core/1.3.3/index-16.html]
[themes.2the.me/Core/1.3.3/index-17.html]
[themes.2the.me/Core/1.3.3/index-30.html]
[themes.2the.me/Core/1.3.3/assets/images/phones.png]
[themes.2the.me/Core/1.3.3/about.html]
[themes.2the.me/Core/1.3.3/about-2.html]
[themes.2the.me/Core/1.3.3/services.html]
[themes.2the.me/Core/1.3.3/services-2.html]
[themes.2the.me/Core/1.3.3/assets/images/laptop.jpg]
[themes.2the.me/Core/1.3.3/services-3.html]
[themes.2the.me/Core/1.3.3/contact-1.html]
[themes.2the.me/Core/1.3.3/contact-2.html]
[themes.2the.me/Core/1.3.3/contact-3.html]
[themes.2the.me/Core/1.3.3/nav-left.html]
[themes.2the.me/Core/1.3.3/nav-right.html]
[themes.2the.me/Core/1.3.3/dark-sub-menu.html]
[themes.2the.me/Core/1.3.3/login.html]
[themes.2the.me/Core/1.3.3/sign-up.html]
[themes.2the.me/Core/1.3.3/password-recovery.html]
[themes.2the.me/Core/1.3.3/assets/images/module-30.jpg]
[themes.2the.me/Core/1.3.3/support.html]
[themes.2the.me/Core/1.3.3/support-single.html]
[themes.2the.me/Core/1.3.3/pricing-1.html]
[themes.2the.me/Core/1.3.3/timeline.html]
[themes.2the.me/Core/1.3.3/team-1.html]
[themes.2the.me/Core/1.3.3/clients.html]
[themes.2the.me/Core/1.3.3/assets/images/module-7.jpg]
[themes.2the.me/Core/1.3.3/assets/images/faq.jpg]
[themes.2the.me/Core/1.3.3/faq.html]
[themes.2the.me/Core/1.3.3/assets/images/portfolio/img-8.jpg]
[themes.2the.me/Core/1.3.3/portfolio-classic-2-col.html]
[themes.2the.me/Core/1.3.3/portfolio-classic-3-col.html]
[themes.2the.me/Core/1.3.3/portfolio-grid-3-col.html]
[themes.2the.me/Core/1.3.3/portfolio-grid-4-col.html]
[themes.2the.me/Core/1.3.3/assets/images/portfolio/img-1-1.jpg]
[themes.2the.me/Core/1.3.3/assets/images/portfolio/img-3-3.jpg]
[themes.2the.me/Core/1.3.3/assets/images/portfolio/img-7-7.jpg]
[themes.2the.me/Core/1.3.3/portfolio-masonry-3-col.html]
[themes.2the.me/Core/1.3.3/assets/images/portfolio/img-6-6.jpg]
[themes.2the.me/Core/1.3.3/portfolio-masonry-4-col.html]
[themes.2the.me/Core/1.3.3/portfolio-standard-3-col.html]
[themes.2the.me/Core/1.3.3/portfolio-standard-4-col.html]
[themes.2the.me/Core/1.3.3/portfolio-single-1.html]
[themes.2the.me/Core/1.3.3/portfolio-single-2.html]
[themes.2the.me/Core/1.3.3/portfolio-single-3.html]
[themes.2the.me/Core/1.3.3/portfolio-single-4.html]
[themes.2the.me/Core/1.3.3/assets/images/portfolio/img-4]
[themes.2the.me/Core/1.3.3/portfolio-single-5.html]
[themes.2the.me/Core/1.3.3/assets/images/blog/4.jpg]
[themes.2the.me/Core/1.3.3/assets/images/widgets/1.jpg]
[themes.2the.me/Core/1.3.3/assets/images/widgets/2.jpg]
[themes.2the.me/Core/1.3.3/assets/images/widgets/3.jpg]
[themes.2the.me/Core/1.3.3/blog.html]
[themes.2the.me/Core/1.3.3/blog-2.html]
[themes.2the.me/Core/1.3.3/blog-3.html]
[themes.2the.me/Core/1.3.3/assets/images/module-17.jpg]
[themes.2the.me/Core/1.3.3/assets/images/blog/5.jpg]
[themes.2the.me/Core/1.3.3/assets/images/blog/6.jpg]
[themes.2the.me/Core/1.3.3/blog-grid.html]
[themes.2the.me/Core/1.3.3/blog-grid-2.html]
[themes.2the.me/Core/1.3.3/assets/images/blog/7.jpg]
[themes.2the.me/Core/1.3.3/assets/images/blog/8.jpg]
[themes.2the.me/Core/1.3.3/assets/images/blog/9.jpg]
[themes.2the.me/Core/1.3.3/blog-masonry.html]
[themes.2the.me/Core/1.3.3/blog-masonry-2.html]
[themes.2the.me/Core/1.3.3/blog-timeline.html]
[themes.2the.me/Core/1.3.3/assets/images/blog/10.jpg]
[themes.2the.me/Core/1.3.3/assets/images/blog/13.jpg]
[themes.2the.me/Core/1.3.3/assets/images/blog/14.jpg]
[themes.2the.me/Core/1.3.3/blog-magazine.html]
[themes.2the.me/Core/1.3.3/blog-single.html]
[themes.2the.me/Core/1.3.3/blog-single-2.html]
[themes.2the.me/Core/1.3.3/assets/images/blog/15.jpg]
[themes.2the.me/Core/1.3.3/assets/images/module-27.jpg]
[themes.2the.me/Core/1.3.3/assets/images/shop/1.jpg]
[themes.2the.me/Core/1.3.3/assets/images/shop/2.jpg]
[themes.2the.me/Core/1.3.3/assets/images/shop/3.jpg]
[themes.2the.me/Core/1.3.3/assets/images/shop/4.jpg]
[themes.2the.me/Core/1.3.3/assets/images/shop/5.jpg]
[themes.2the.me/Core/1.3.3/shop-masonry.html]
[themes.2the.me/Core/1.3.3/assets/images/shop/6.jpg]
[themes.2the.me/Core/1.3.3/assets/images/shop/7.jpg]
[themes.2the.me/Core/1.3.3/assets/images/shop/8.jpg]
[themes.2the.me/Core/1.3.3/shop-grid-2.html]
[themes.2the.me/Core/1.3.3/assets/images/shop/9.jpg]
[themes.2the.me/Core/1.3.3/shop-grid-3.html]
[themes.2the.me/Core/1.3.3/shop-grid-4.html]
[themes.2the.me/Core/1.3.3/shop-product.html]
[themes.2the.me/Core/1.3.3/shop-checkout.html]
[themes.2the.me/Core/1.3.3/shortcodes-buttons.html]
[themes.2the.me/Core/1.3.3/shortcodes-tabs.html]
[themes.2the.me/Core/1.3.3/shortcodes-bars.html]
[themes.2the.me/Core/1.3.3/shortcodes-accordions.html]
[themes.2the.me/Core/1.3.3/shortcodes-alerts.html]
[themes.2the.me/Core/1.3.3/shortcodes-forms.html]
[themes.2the.me/Core/1.3.3/shortcodes-iconbox.html]
[themes.2the.me/Core/1.3.3/shortcodes-modals.html]
[themes.2the.me/Core/1.3.3/shortcodes-modules.html]
[themes.2the.me/Core/1.3.3/shortcodes-pricing.html]
[themes.2the.me/Core/1.3.3/shortcodes-piechart.html]
[themes.2the.me/Core/1.3.3/shortcodes-clients.html]
[themes.2the.me/Core/1.3.3/shortcodes-sliders.html]
[themes.2the.me/Core/1.3.3/assets/images/widgets/4.jpg]
[themes.2the.me/Core/1.3.3/assets/images/widgets/5.jpg]
[themes.2the.me/Core/1.3.3/assets/images/widgets/6.jpg]
[themes.2the.me/Core/1.3.3/assets/images/widgets/7.jpg]
[themes.2the.me/Core/1.3.3/assets/images/widgets/8.jpg]
[themes.2the.me/Core/1.3.3/shortcodes-widgets.html]
[themes.2the.me/Core/1.3.3/shortcodes-grid.html]
[themes.2the.me/Core/1.3.3/shortcodes-typography.html]
[themes.2the.me/Core/1.3.3/shortcodes-video.html]
[themes.2the.me/Core/1.3.3/shortcodes-video-backgrounds.html]
[themes.2the.me/Core/1.3.3/shortcodes-special-headings.html]
[themes.2the.me/Core/1.3.3/shortcodes-testimonials.html]
[themes.2the.me/Core/1.3.3/shortcodes-chart.html]
[themes.2the.me/Core/1.3.3/assets/images/widgets/9.jpg]
[themes.2the.me/Core/1.3.3/assets/images/module-10.jpg]
[themes.2the.me/Core/1.3.3/assets/images/demo/1.jpg]
[themes.2the.me/Core/1.3.3/assets/images/demo/18.jpg]
[themes.2the.me/Core/1.3.3/assets/images/demo/27.jpg]
[themes.2the.me/Core/1.3.3/assets/images/demo/33.jpg]
[themes.2the.me/Core/1.3.3/assets/images/demo/30.jpg]
[themes.2the.me/Core/1.3.3/assets/images/demo/29.jpg]
[themes.2the.me/Core/1.3.3/assets/images/demo/32.jpg]
[themes.2the.me/Core/1.3.3/assets/images/demo/22.jpg]
[themes.2the.me/Core/1.3.3/assets/images/demo/26.jpg]
[themes.2the.me/Core/1.3.3/assets/images/demo/21.jpg]
[themes.2the.me/Core/1.3.3/assets/images/demo/19.jpg]
[themes.2the.me/Core/1.3.3/assets/images/demo/20.jpg]
[themes.2the.me/Core/1.3.3/assets/images/demo/25.jpg]
[themes.2the.me/Core/1.3.3/assets/images/demo/23.jpg]
[themes.2the.me/Core/1.3.3/assets/images/demo/24.jpg]
[themes.2the.me/Core/1.3.3/assets/images/demo/28.jpg]
[themes.2the.me/Core/1.3.3/assets/images/demo/2.jpg]
[themes.2the.me/Core/1.3.3/assets/images/demo/3.jpg]
[themes.2the.me/Core/1.3.3/assets/images/demo/4.jpg]
[themes.2the.me/Core/1.3.3/assets/images/demo/5.jpg]
[themes.2the.me/Core/1.3.3/assets/images/demo/6.jpg]
[themes.2the.me/Core/1.3.3/assets/images/demo/7.jpg]
[themes.2the.me/Core/1.3.3/assets/images/demo/8.jpg]
[themes.2the.me/Core/1.3.3/assets/images/demo/9.jpg]
[themes.2the.me/Core/1.3.3/assets/images/demo/10.jpg]
[themes.2the.me/Core/1.3.3/assets/images/demo/11.jpg]
[themes.2the.me/Core/1.3.3/assets/images/demo/12.jpg]
[themes.2the.me/Core/1.3.3/assets/images/demo/13.jpg]
[themes.2the.me/Core/1.3.3/assets/images/demo/14.jpg]
[themes.2the.me/Core/1.3.3/assets/images/demo/31.jpg]
[themes.2the.me/Core/1.3.3/assets/images/demo/15.jpg]
[themes.2the.me/Core/1.3.3/assets/images/demo/16.jpg]
[themes.2the.me/Core/1.3.3/assets/images/demo/17.jpg]
[themes.2the.me/Core/1.3.3/start.html]
[themes.2the.me/Core/1.3.3/assets/fonts/fontawesome-webfont5b62.svg]
[themes.2the.me/Core/1.3.3/assets/fonts/linea-arrows-10.svg]
[themes.2the.me/Core/1.3.3/assets/fonts/linea-basic-10.svg]
[themes.2the.me/Core/1.3.3/assets/images/portfolio/img-4.html]
